// Vitest Snapshot v1, https://vitest.dev/guide/snapshot.html

exports[`<Headline4 /> > should render correctly 1`] = `
<h4
  class="c-eKPdLd"
  data-testid="headline4"
>
  Ainda Ã© cedo, amor
</h4>
`;
