// Vitest Snapshot v1, https://vitest.dev/guide/snapshot.html

exports[`<Headline1 /> > should render correctly 1`] = `
<h1
  class="c-kQKoF"
  data-testid="headline1"
>
  Amou daquela vez como se fosse a Ãºltima
</h1>
`;
