// Vitest Snapshot v1, https://vitest.dev/guide/snapshot.html

exports[`<Headline /> > should render correctly 1`] = `
<h2
  class="c-eDCyBI c-eDCyBI-kupvTz-size-md"
  data-testid="headline"
>
  Deixa eu dan√ßar, pro meu corpo ficar odara
</h2>
`;
