// Vitest Snapshot v1, https://vitest.dev/guide/snapshot.html

exports[`<Headline2 /> > should render correctly 1`] = `
<h2
  class="c-eoVBiz"
  data-testid="headline2"
>
  Estava Ã  toa na vida
</h2>
`;
