// Vitest Snapshot v1, https://vitest.dev/guide/snapshot.html

exports[`<LeadParagraph /> > should render correctly 1`] = `
<h6
  class="c-kfKdCb"
  data-testid="lead-paragraph"
>
  Você, precisa aprender inglês, precisa aprender o que eu sei
</h6>
`;
