// Vitest Snapshot v1, https://vitest.dev/guide/snapshot.html

exports[`<Text /> > should render correctly 1`] = `
<p
  class="c-kQRPbk c-kQRPbk-kWyXas-size-md"
  data-testid="text"
>
  Cariocas s√£o bonitos
</p>
`;
